// Jest Snapshot v1, https://goo.gl/fbAQLP

exports[`when working with a NODE_ENV app WHEN building with esbuild can generate a js/index-FG4XHKNZ.js 1`] = `
"console.log(\\"production\\");
//# sourceMappingURL=/static/js/index-FG4XHKNZ.js.map
"
`;

exports[`when working with a NODE_ENV app WHEN building with webpack can generate a js/main.6f646c6c.js 1`] = `
"\\"use strict\\";
(self.webpackChunknode_env_app = self.webpackChunknode_env_app || []).push([
  [179],
  {
    469: () => {
      console.log(\\"production\\");
    },
  },
  (e) => {
    var n;
    (n = 469), e((e.s = n));
  },
]);
//# sourceMappingURL=main.6f646c6c.js.map
"
`;
